==8184== Memcheck, a memory error detector
==8184== Copyright (C) 2002-2012, and GNU GPL'd, by Julian Seward et al.
==8184== Using Valgrind-3.8.1 and LibVEX; rerun with -h for copyright info
==8184== Command: ./run_tests
==8184== 
==8184== 
==8184== HEAP SUMMARY:
==8184==     in use at exit: 5,016 bytes in 2 blocks
==8184==   total heap usage: 1,167 allocs, 1,165 frees, 228,067 bytes allocated
==8184== 
==8184== LEAK SUMMARY:
==8184==    definitely lost: 0 bytes in 0 blocks
==8184==    indirectly lost: 0 bytes in 0 blocks
==8184==      possibly lost: 0 bytes in 0 blocks
==8184==    still reachable: 5,016 bytes in 2 blocks
==8184==         suppressed: 0 bytes in 0 blocks
==8184== Reachable blocks (those to which a pointer was found) are not shown.
==8184== To see them, rerun with: --leak-check=full --show-reachable=yes
==8184== 
==8184== For counts of detected and suppressed errors, rerun with: -v
==8184== ERROR SUMMARY: 0 errors from 0 contexts (suppressed: 2 from 2)
